// Vitest Snapshot v1, https://vitest.dev/guide/snapshot.html

exports[`/api/graphql schema snapshot > should match snapshot 1`] = `
"schema {
  query: RootQueryType
}

"""
A document containing content from the Supabase docs. This is a guide, which might describe a concept, or explain the steps for using or implementing a feature.
"""
type Guide implements SearchResult {
  """The title of the document"""
  title: String

  """The URL of the document"""
  href: String

  """
  The full content of the document, including all subsections (both those matching and not matching any query string) and possibly more content
  """
  content: String

  """
  The subsections of the document. If the document is returned from a search match, only matching content chunks are returned. For the full content of the original document, use the content field in the parent Guide.
  """
  subsections: SubsectionCollection
}

"""Document that matches a search query"""
interface SearchResult {
  """The title of the matching result"""
  title: String

  """The URL of the matching result"""
  href: String

  """The full content of the matching result"""
  content: String
}

"""
A collection of content chunks from a larger document in the Supabase docs.
"""
type SubsectionCollection {
  """A list of edges containing nodes in this collection"""
  edges: [SubsectionEdge!]!

  """The nodes in this collection, directly accessible"""
  nodes: [Subsection!]!

  """The total count of items available in this collection"""
  totalCount: Int!
}

"""An edge in a collection of Subsections"""
type SubsectionEdge {
  """The Subsection at the end of the edge"""
  node: Subsection!
}

"""A content chunk taken from a larger document in the Supabase docs"""
type Subsection {
  """The title of the subsection"""
  title: String

  """The URL of the subsection"""
  href: String

  """The content of the subsection"""
  content: String
}

"""
A reference document containing a description of a function from a Supabase client library
"""
type ClientLibraryFunctionReference implements SearchResult {
  """The title of the document"""
  title: String

  """The URL of the document"""
  href: String

  """The content of the reference document, as text"""
  content: String

  """The programming language for which the function is written"""
  language: Language!

  """The name of the function or method"""
  methodName: String
}

enum Language {
  JAVASCRIPT
  SWIFT
  DART
  CSHARP
  KOTLIN
  PYTHON
}

type RootQueryType {
  """Get the GraphQL schema for this endpoint"""
  schema: String!

  """Search the Supabase docs for content matching a query string"""
  searchDocs(query: String!, limit: Int): SearchResultCollection
}

"""A collection of search results containing content from Supabase docs"""
type SearchResultCollection {
  """A list of edges containing nodes in this collection"""
  edges: [SearchResultEdge!]!

  """The nodes in this collection, directly accessible"""
  nodes: [SearchResult!]!

  """The total count of items available in this collection"""
  totalCount: Int!
}

"""An edge in a collection of SearchResults"""
type SearchResultEdge {
  """The SearchResult at the end of the edge"""
  node: SearchResult!
}"
`;
